// Jest Snapshot v1, https://goo.gl/fbAQLP

exports[`<Button /> Should render the button 1`] = `undefined`;
